<html>
<body>
<pre>
<h1>µVision Build Log</h1>
<h2>Tool Versions:</h2>
IDE-Version: £gVision V5.35.0.0
Copyright (C) 2021 ARM Ltd and ARM Germany GmbH. All rights reserved.
License Information: Morgan Chuang, E, LIC=7N0WD-8ZW0J-3BG8I-69380-62JWP-CILZP
 
Tool Versions:
Toolchain:       MDK-ARM Cortex-M0/M23 for Nuvoton  Version: 5.35.0.2
Toolchain Path:  C:\Keil_v5\ARM\ARMCC\Bin
C Compiler:      Armcc.exe V5.06 update 7 (build 960)
Assembler:       Armasm.exe V5.06 update 7 (build 960)
Linker/Locator:  ArmLink.exe V5.06 update 7 (build 960)
Library Manager: ArmAr.exe V5.06 update 7 (build 960)
Hex Converter:   FromElf.exe V5.06 update 7 (build 960)
CPU DLL:         SARMCM3.DLL V5.35.0.2
Dialog DLL:      DARMCM1.DLL V1.19.4.0
Target DLL:      Nu_Link.dll V3.09
Dialog DLL:      TARMCM1.DLL V1.14.4.0
 
<h2>Project:</h2>
C:\M031_Work\ISP_UART\SampleCode\Template\Keil\Template.uvprojx
Project File Date:  08/25/2022

<h2>Output:</h2>
*** Using Compiler 'V5.06 update 7 (build 960)', folder: 'C:\Keil_v5\ARM\ARMCC\Bin'
Rebuild target 'Template'
assembling startup_M031Series.s...
compiling fmc_user.c...
compiling system_M031Series.c...
compiling main.c...
compiling uart_transfer.c...
compiling targetdev.c...
compiling isp_user.c...
linking...
==============================================================================
Small function inlining results
Inlined total of 0 calls.
==============================================================================
Memory Map of the image
  Image Entry point : 0x000000d9
  Load Region LR_1 (Base: 0x00000000, Size: 0x000007b4, Max: 0xffffffff, ABSOLUTE)
    Execution Region ER_RO (Base: 0x00000000, Size: 0x00000780, Max: 0xffffffff, ABSOLUTE)
    Base Addr    Size         Type   Attr      Idx    E Section Name        Object
    Execution Region ER_RW (Base: 0x20000000, Size: 0x00000034, Max: 0xffffffff, ABSOLUTE)
    Base Addr    Size         Type   Attr      Idx    E Section Name        Object
    Execution Region ER_ZI (Base: 0x20000034, Size: 0x00000484, Max: 0xffffffff, ABSOLUTE)
    Base Addr    Size         Type   Attr      Idx    E Section Name        Object
    0x20000274   0x00000040   ZeroProgram Size: Code=1696 RO-data=224 RW-data=52 ZI-data=1156  
   RW           34    .bss                uart_transfer.o
FromELF: creating hex file...
After Build - User command #1: fromelf --bin ".\obj\template.axf" --output ".\obj\template.bin"
After Build - User command #2: fromelf --text -c ".\obj\template.axf" --output ".\obj\template.txt"
".\obj\template.axf" - 0 Error(s), 0 Warning(s).

<h2>Software Packages used:</h2>

Package Vendor: ARM
                http://www.keil.com/pack/ARM.CMSIS.5.9.0.pack
                ARM.CMSIS.5.9.0
                CMSIS (Common Microcontroller Software Interface Standard)
   * Component: CORE Version: 5.6.0

Package Vendor: Nuvoton
                https://github.com/OpenNuvoton/cmsis-packs/raw/master/Nuvoton_DFP/Nuvoton.NuMicro_DFP.1.3.18.pack
                Nuvoton.NuMicro_DFP.1.3.18
                Nuvoton ARM Cortex-M NuMicro Family Device Support

<h2>Collection of Component include folders:</h2>
  .\RTE\_Template
  C:\Keil_v5\ARM\PACK\ARM\CMSIS\5.9.0\CMSIS\Core\Include
  C:\Keil_v5\ARM\PACK\Nuvoton\NuMicro_DFP\1.3.18\Device\M031\Include

<h2>Collection of Component Files used:</h2>

   * Component: ARM::CMSIS:CORE:5.6.0
Build Time Elapsed:  00:00:03
</pre>
</body>
</html>
