Component: ARM Compiler 5.06 update 7 (build 960) Tool: armlink [4d3601]

==============================================================================

Small function inlining results

Inlined total of 0 calls.

==============================================================================

Image Symbol Table

    Local Symbols

    Symbol Name                              Value     Ov Type        Size  Object(Section)

    RESET                                    0x00000000   Section      192  startup_m031series.o(RESET)
    ../clib/microlib/division.c              0x00000000   Number         0  uidiv.o ABSOLUTE
    ../clib/microlib/init/entry.s            0x00000000   Number         0  entry.o ABSOLUTE
    ../clib/microlib/init/entry.s            0x00000000   Number         0  entry2.o ABSOLUTE
    ../clib/microlib/init/entry.s            0x00000000   Number         0  entry5.o ABSOLUTE
    ../clib/microlib/init/entry.s            0x00000000   Number         0  entry12b.o ABSOLUTE
    ../clib/microlib/init/entry.s            0x00000000   Number         0  entry12a.o ABSOLUTE
    ../clib/microlib/init/entry.s            0x00000000   Number         0  entry11a.o ABSOLUTE
    ../clib/microlib/init/entry.s            0x00000000   Number         0  entry7a.o ABSOLUTE
    ../clib/microlib/init/entry.s            0x00000000   Number         0  entry7b.o ABSOLUTE
    ../clib/microlib/init/entry.s            0x00000000   Number         0  entry10b.o ABSOLUTE
    ../clib/microlib/init/entry.s            0x00000000   Number         0  entry10a.o ABSOLUTE
    ../clib/microlib/init/entry.s            0x00000000   Number         0  entry8a.o ABSOLUTE
    ../clib/microlib/init/entry.s            0x00000000   Number         0  entry8b.o ABSOLUTE
    ../clib/microlib/init/entry.s            0x00000000   Number         0  entry9b.o ABSOLUTE
    ../clib/microlib/init/entry.s            0x00000000   Number         0  entry9a.o ABSOLUTE
    ../clib/microlib/init/entry.s            0x00000000   Number         0  entry11b.o ABSOLUTE
    ../clib/microlib/string/memset.c         0x00000000   Number         0  memseta.o ABSOLUTE
    ..\..\..\Library\Device\Nuvoton\M031\Source\ARM\startup_M031Series.s 0x00000000   Number         0  startup_m031series.o ABSOLUTE
    ..\..\..\Library\Device\Nuvoton\M031\Source\system_M031Series.c 0x00000000   Number         0  system_m031series.o ABSOLUTE
    ..\\..\\..\\Library\\Device\\Nuvoton\\M031\\Source\\system_M031Series.c 0x00000000   Number         0  system_m031series.o ABSOLUTE
    ..\\fmc_user.c                           0x00000000   Number         0  fmc_user.o ABSOLUTE
    ..\\isp_user.c                           0x00000000   Number         0  isp_user.o ABSOLUTE
    ..\\main.c                               0x00000000   Number         0  main.o ABSOLUTE
    ..\\targetdev.c                          0x00000000   Number         0  targetdev.o ABSOLUTE
    ..\\uart_transfer.c                      0x00000000   Number         0  uart_transfer.o ABSOLUTE
    ..\fmc_user.c                            0x00000000   Number         0  fmc_user.o ABSOLUTE
    ..\isp_user.c                            0x00000000   Number         0  isp_user.o ABSOLUTE
    ..\main.c                                0x00000000   Number         0  main.o ABSOLUTE
    ..\targetdev.c                           0x00000000   Number         0  targetdev.o ABSOLUTE
    ..\uart_transfer.c                       0x00000000   Number         0  uart_transfer.o ABSOLUTE
    handlers.s                               0x00000000   Number         0  handlers.o ABSOLUTE
    init.s                                   0x00000000   Number         0  init.o ABSOLUTE
    .ARM.Collect$$$$00000000                 0x000000c0   Section        0  entry.o(.ARM.Collect$$$$00000000)
    .ARM.Collect$$$$00000001                 0x000000c0   Section        4  entry2.o(.ARM.Collect$$$$00000001)
    .ARM.Collect$$$$00000004                 0x000000c4   Section        4  entry5.o(.ARM.Collect$$$$00000004)
    .ARM.Collect$$$$00000008                 0x000000c8   Section        0  entry7b.o(.ARM.Collect$$$$00000008)
    .ARM.Collect$$$$0000000A                 0x000000c8   Section        0  entry8b.o(.ARM.Collect$$$$0000000A)
    .ARM.Collect$$$$0000000B                 0x000000c8   Section        8  entry9a.o(.ARM.Collect$$$$0000000B)
    .ARM.Collect$$$$0000000E                 0x000000d0   Section        4  entry12b.o(.ARM.Collect$$$$0000000E)
    .ARM.Collect$$$$0000000F                 0x000000d4   Section        0  entry10a.o(.ARM.Collect$$$$0000000F)
    .ARM.Collect$$$$00000011                 0x000000d4   Section        0  entry11a.o(.ARM.Collect$$$$00000011)
    .ARM.Collect$$$$00002712                 0x000000d4   Section        4  entry2.o(.ARM.Collect$$$$00002712)
    __lit__00000000                          0x000000d4   Data           4  entry2.o(.ARM.Collect$$$$00002712)
    .text                                    0x000000d8   Section       92  startup_m031series.o(.text)
    Default_Handler                          0x00000109   Thumb Code     2  startup_m031series.o(.text)
    .text                                    0x00000134   Section        0  memseta.o(.text)
    .text                                    0x00000158   Section       36  init.o(.text)
    i.FMC_Proc                               0x0000017c   Section        0  fmc_user.o(i.FMC_Proc)
    i.GetApromSize                           0x000001d0   Section        0  targetdev.o(i.GetApromSize)
    i.GetDataFlashInfo                       0x000001f0   Section        0  targetdev.o(i.GetDataFlashInfo)
    i.ParseCmd                               0x00000250   Section        0  isp_user.o(i.ParseCmd)
    i.PutString                              0x00000490   Section        0  uart_transfer.o(i.PutString)
    i.SYS_Init                               0x000004b0   Section        0  main.o(i.SYS_Init)
    i.SystemInit                             0x00000538   Section        0  system_m031series.o(i.SystemInit)
    i.UART02_IRQHandler                      0x00000570   Section        0  uart_transfer.o(i.UART02_IRQHandler)
    i.UART_Init                              0x000005bc   Section        0  uart_transfer.o(i.UART_Init)
    i.UpdateConfig                           0x00000610   Section        0  fmc_user.o(i.UpdateConfig)
    i.__scatterload_copy                     0x0000065c   Section       14  handlers.o(i.__scatterload_copy)
    i.__scatterload_null                     0x0000066a   Section        2  handlers.o(i.__scatterload_null)
    i.__scatterload_zeroinit                 0x0000066c   Section       14  handlers.o(i.__scatterload_zeroinit)
    i.main                                   0x0000067c   Section        0  main.o(i.main)
    .data                                    0x20000000   Section       12  system_m031series.o(.data)
    .data                                    0x2000000c   Section       36  isp_user.o(.data)
    StartAddress                             0x2000000c   Data           4  isp_user.o(.data)
    TotalLen                                 0x20000010   Data           4  isp_user.o(.data)
    LastDataLen                              0x20000014   Data           4  isp_user.o(.data)
    g_packno                                 0x20000018   Data           4  isp_user.o(.data)
    gcmd                                     0x2000001c   Data           4  isp_user.o(.data)
    .data                                    0x20000030   Section        2  uart_transfer.o(.data)
    .bss                                     0x20000034   Section      576  isp_user.o(.bss)
    aprom_buf                                0x20000074   Data         512  isp_user.o(.bss)
    .bss                                     0x20000274   Section       64  uart_transfer.o(.bss)
    STACK                                    0x200002b8   Section      512  startup_m031series.o(STACK)

    Global Symbols

    Symbol Name                              Value     Ov Type        Size  Object(Section)

    BuildAttributes$$THM_ISAv3M$S$PE$A:L22$X:L11$S22$IEEE1$IW$USESV6$~STKCKD$USESV7$~SHL$OSPACE$EBA8$MICROLIB$REQ8$PRES8$EABIv2 0x00000000   Number         0  anon$$obj.o ABSOLUTE
    __ARM_use_no_argv                        0x00000000   Number         0  main.o ABSOLUTE
    __Vectors                                0x00000000   Data           4  startup_m031series.o(RESET)
    __arm_fini_                               - Undefined Weak Reference
    __cpp_initialize__aeabi_                  - Undefined Weak Reference
    __cxa_finalize                            - Undefined Weak Reference
    __decompress                              - Undefined Weak Reference
    _clock_init                               - Undefined Weak Reference
    _microlib_exit                            - Undefined Weak Reference
    __main                                   0x000000c1   Thumb Code     0  entry.o(.ARM.Collect$$$$00000000)
    _main_stk                                0x000000c1   Thumb Code     0  entry2.o(.ARM.Collect$$$$00000001)
    _main_scatterload                        0x000000c5   Thumb Code     0  entry5.o(.ARM.Collect$$$$00000004)
    __main_after_scatterload                 0x000000c9   Thumb Code     0  entry5.o(.ARM.Collect$$$$00000004)
    _main_clock                              0x000000c9   Thumb Code     0  entry7b.o(.ARM.Collect$$$$00000008)
    _main_cpp_init                           0x000000c9   Thumb Code     0  entry8b.o(.ARM.Collect$$$$0000000A)
    _main_init                               0x000000c9   Thumb Code     0  entry9a.o(.ARM.Collect$$$$0000000B)
    __rt_lib_shutdown_fini                   0x000000d1   Thumb Code     0  entry12b.o(.ARM.Collect$$$$0000000E)
    __rt_final_cpp                           0x000000d5   Thumb Code     0  entry10a.o(.ARM.Collect$$$$0000000F)
    __rt_final_exit                          0x000000d5   Thumb Code     0  entry11a.o(.ARM.Collect$$$$00000011)
    Reset_Handler                            0x000000d9   Thumb Code    38  startup_m031series.o(.text)
    NMI_Handler                              0x000000ff   Thumb Code     2  startup_m031series.o(.text)
    HardFault_Handler                        0x00000101   Thumb Code     2  startup_m031series.o(.text)
    SVC_Handler                              0x00000103   Thumb Code     2  startup_m031series.o(.text)
    PendSV_Handler                           0x00000105   Thumb Code     2  startup_m031series.o(.text)
    SysTick_Handler                          0x00000107   Thumb Code     2  startup_m031series.o(.text)
    ACMP01_IRQHandler                        0x00000109   Thumb Code     0  startup_m031series.o(.text)
    ADC_IRQHandler                           0x00000109   Thumb Code     0  startup_m031series.o(.text)
    BOD_IRQHandler                           0x00000109   Thumb Code     0  startup_m031series.o(.text)
    BPWM0_IRQHandler                         0x00000109   Thumb Code     0  startup_m031series.o(.text)
    BPWM1_IRQHandler                         0x00000109   Thumb Code     0  startup_m031series.o(.text)
    CKFAIL_IRQHandler                        0x00000109   Thumb Code     0  startup_m031series.o(.text)
    EINT024_IRQHandler                       0x00000109   Thumb Code     0  startup_m031series.o(.text)
    EINT135_IRQHandler                       0x00000109   Thumb Code     0  startup_m031series.o(.text)
    GPABGH_IRQHandler                        0x00000109   Thumb Code     0  startup_m031series.o(.text)
    GPCDEF_IRQHandler                        0x00000109   Thumb Code     0  startup_m031series.o(.text)
    I2C0_IRQHandler                          0x00000109   Thumb Code     0  startup_m031series.o(.text)
    I2C1_IRQHandler                          0x00000109   Thumb Code     0  startup_m031series.o(.text)
    ISP_IRQHandler                           0x00000109   Thumb Code     0  startup_m031series.o(.text)
    PDMA_IRQHandler                          0x00000109   Thumb Code     0  startup_m031series.o(.text)
    PWM0_IRQHandler                          0x00000109   Thumb Code     0  startup_m031series.o(.text)
    PWM1_IRQHandler                          0x00000109   Thumb Code     0  startup_m031series.o(.text)
    PWRWU_IRQHandler                         0x00000109   Thumb Code     0  startup_m031series.o(.text)
    QSPI0_IRQHandler                         0x00000109   Thumb Code     0  startup_m031series.o(.text)
    RTC_IRQHandler                           0x00000109   Thumb Code     0  startup_m031series.o(.text)
    SPI0_IRQHandler                          0x00000109   Thumb Code     0  startup_m031series.o(.text)
    TMR0_IRQHandler                          0x00000109   Thumb Code     0  startup_m031series.o(.text)
    TMR1_IRQHandler                          0x00000109   Thumb Code     0  startup_m031series.o(.text)
    TMR2_IRQHandler                          0x00000109   Thumb Code     0  startup_m031series.o(.text)
    TMR3_IRQHandler                          0x00000109   Thumb Code     0  startup_m031series.o(.text)
    UART13_IRQHandler                        0x00000109   Thumb Code     0  startup_m031series.o(.text)
    UART46_IRQHandler                        0x00000109   Thumb Code     0  startup_m031series.o(.text)
    UART57_IRQHandler                        0x00000109   Thumb Code     0  startup_m031series.o(.text)
    USBD_IRQHandler                          0x00000109   Thumb Code     0  startup_m031series.o(.text)
    USCI01_IRQHandler                        0x00000109   Thumb Code     0  startup_m031series.o(.text)
    WDT_IRQHandler                           0x00000109   Thumb Code     0  startup_m031series.o(.text)
    __aeabi_memset                           0x00000135   Thumb Code    14  memseta.o(.text)
    __aeabi_memset4                          0x00000135   Thumb Code     0  memseta.o(.text)
    __aeabi_memset8                          0x00000135   Thumb Code     0  memseta.o(.text)
    __aeabi_memclr                           0x00000143   Thumb Code     4  memseta.o(.text)
    __aeabi_memclr4                          0x00000143   Thumb Code     0  memseta.o(.text)
    __aeabi_memclr8                          0x00000143   Thumb Code     0  memseta.o(.text)
    _memset$wrapper                          0x00000147   Thumb Code    18  memseta.o(.text)
    __scatterload                            0x00000159   Thumb Code    28  init.o(.text)
    __scatterload_rt2                        0x00000159   Thumb Code     0  init.o(.text)
    FMC_Proc                                 0x0000017d   Thumb Code    80  fmc_user.o(i.FMC_Proc)
    GetApromSize                             0x000001d1   Thumb Code    30  targetdev.o(i.GetApromSize)
    GetDataFlashInfo                         0x000001f1   Thumb Code    88  targetdev.o(i.GetDataFlashInfo)
    ParseCmd                                 0x00000251   Thumb Code   548  isp_user.o(i.ParseCmd)
    PutString                                0x00000491   Thumb Code    24  uart_transfer.o(i.PutString)
    SYS_Init                                 0x000004b1   Thumb Code   126  main.o(i.SYS_Init)
    SystemInit                               0x00000539   Thumb Code    46  system_m031series.o(i.SystemInit)
    UART02_IRQHandler                        0x00000571   Thumb Code    64  uart_transfer.o(i.UART02_IRQHandler)
    UART_Init                                0x000005bd   Thumb Code    58  uart_transfer.o(i.UART_Init)
    UpdateConfig                             0x00000611   Thumb Code    66  fmc_user.o(i.UpdateConfig)
    __scatterload_copy                       0x0000065d   Thumb Code    14  handlers.o(i.__scatterload_copy)
    __scatterload_null                       0x0000066b   Thumb Code     2  handlers.o(i.__scatterload_null)
    __scatterload_zeroinit                   0x0000066d   Thumb Code    14  handlers.o(i.__scatterload_zeroinit)
    main                                     0x0000067d   Thumb Code   174  main.o(i.main)
    Region$$Table$$Base                      0x00000760   Number         0  anon$$obj.o(Region$$Table)
    Region$$Table$$Limit                     0x00000780   Number         0  anon$$obj.o(Region$$Table)
    SystemCoreClock                          0x20000000   Data           4  system_m031series.o(.data)
    CyclesPerUs                              0x20000004   Data           4  system_m031series.o(.data)
    PllClock                                 0x20000008   Data           4  system_m031series.o(.data)
    bUpdateApromCmd                          0x20000020   Data           4  isp_user.o(.data)
    g_apromSize                              0x20000024   Data           4  isp_user.o(.data)
    g_dataFlashAddr                          0x20000028   Data           4  isp_user.o(.data)
    g_dataFlashSize                          0x2000002c   Data           4  isp_user.o(.data)
    bUartDataReady                           0x20000030   Data           1  uart_transfer.o(.data)
    bufhead                                  0x20000031   Data           1  uart_transfer.o(.data)
    response_buff                            0x20000034   Data          64  isp_user.o(.bss)
    uart_rcvbuf                              0x20000274   Data          64  uart_transfer.o(.bss)
    __initial_sp                             0x200004b8   Data           0  startup_m031series.o(STACK)



==============================================================================

Memory Map of the image

  Image Entry point : 0x000000d9

  Load Region LR_1 (Base: 0x00000000, Size: 0x000007b4, Max: 0xffffffff, ABSOLUTE)

    Execution Region ER_RO (Exec base: 0x00000000, Load base: 0x00000000, Size: 0x00000780, Max: 0xffffffff, ABSOLUTE)

    Exec Addr    Load Addr    Size         Type   Attr      Idx    E Section Name        Object

    0x00000000   0x00000000   0x000000c0   Data   RO          213    RESET               startup_m031series.o
    0x000000c0   0x000000c0   0x00000000   Code   RO          526  * .ARM.Collect$$$$00000000  mc_p.l(entry.o)
    0x000000c0   0x000000c0   0x00000004   Code   RO          531    .ARM.Collect$$$$00000001  mc_p.l(entry2.o)
    0x000000c4   0x000000c4   0x00000004   Code   RO          534    .ARM.Collect$$$$00000004  mc_p.l(entry5.o)
    0x000000c8   0x000000c8   0x00000000   Code   RO          536    .ARM.Collect$$$$00000008  mc_p.l(entry7b.o)
    0x000000c8   0x000000c8   0x00000000   Code   RO          538    .ARM.Collect$$$$0000000A  mc_p.l(entry8b.o)
    0x000000c8   0x000000c8   0x00000008   Code   RO          539    .ARM.Collect$$$$0000000B  mc_p.l(entry9a.o)
    0x000000d0   0x000000d0   0x00000004   Code   RO          546    .ARM.Collect$$$$0000000E  mc_p.l(entry12b.o)
    0x000000d4   0x000000d4   0x00000000   Code   RO          541    .ARM.Collect$$$$0000000F  mc_p.l(entry10a.o)
    0x000000d4   0x000000d4   0x00000000   Code   RO          543    .ARM.Collect$$$$00000011  mc_p.l(entry11a.o)
    0x000000d4   0x000000d4   0x00000004   Code   RO          532    .ARM.Collect$$$$00002712  mc_p.l(entry2.o)
    0x000000d8   0x000000d8   0x0000005c   Code   RO          214  * .text               startup_m031series.o
    0x00000134   0x00000134   0x00000024   Code   RO          529    .text               mc_p.l(memseta.o)
    0x00000158   0x00000158   0x00000024   Code   RO          547    .text               mc_p.l(init.o)
    0x0000017c   0x0000017c   0x00000054   Code   RO          274    i.FMC_Proc          fmc_user.o
    0x000001d0   0x000001d0   0x0000001e   Code   RO          335    i.GetApromSize      targetdev.o
    0x000001ee   0x000001ee   0x00000002   PAD
    0x000001f0   0x000001f0   0x00000060   Code   RO          336    i.GetDataFlashInfo  targetdev.o
    0x00000250   0x00000250   0x00000240   Code   RO          306    i.ParseCmd          isp_user.o
    0x00000490   0x00000490   0x00000020   Code   RO          370    i.PutString         uart_transfer.o
    0x000004b0   0x000004b0   0x00000088   Code   RO          220    i.SYS_Init          main.o
    0x00000538   0x00000538   0x00000038   Code   RO            4    i.SystemInit        system_m031series.o
    0x00000570   0x00000570   0x0000004c   Code   RO          371    i.UART02_IRQHandler  uart_transfer.o
    0x000005bc   0x000005bc   0x00000054   Code   RO          372    i.UART_Init         uart_transfer.o
    0x00000610   0x00000610   0x0000004c   Code   RO          275    i.UpdateConfig      fmc_user.o
    0x0000065c   0x0000065c   0x0000000e   Code   RO          551    i.__scatterload_copy  mc_p.l(handlers.o)
    0x0000066a   0x0000066a   0x00000002   Code   RO          552    i.__scatterload_null  mc_p.l(handlers.o)
    0x0000066c   0x0000066c   0x0000000e   Code   RO          553    i.__scatterload_zeroinit  mc_p.l(handlers.o)
    0x0000067a   0x0000067a   0x00000002   PAD
    0x0000067c   0x0000067c   0x000000e4   Code   RO          221    i.main              main.o
    0x00000760   0x00000760   0x00000020   Data   RO          549    Region$$Table       anon$$obj.o


    Execution Region ER_RW (Exec base: 0x20000000, Load base: 0x00000780, Size: 0x00000034, Max: 0xffffffff, ABSOLUTE)

    Exec Addr    Load Addr    Size         Type   Attr      Idx    E Section Name        Object

    0x20000000   0x00000780   0x0000000c   Data   RW            6    .data               system_m031series.o
    0x2000000c   0x0000078c   0x00000024   Data   RW          308    .data               isp_user.o
    0x20000030   0x000007b0   0x00000002   Data   RW          374    .data               uart_transfer.o


    Execution Region ER_ZI (Exec base: 0x20000034, Load base: 0x000007b4, Size: 0x00000484, Max: 0xffffffff, ABSOLUTE)

    Exec Addr    Load Addr    Size         Type   Attr      Idx    E Section Name        Object

    0x20000034        -       0x00000240   Zero   RW          307    .bss                isp_user.o
    0x20000274        -       0x00000040   Zero   RW          373    .bss                uart_transfer.o
    0x200002b4   0x000007b4   0x00000004   PAD
    0x200002b8        -       0x00000200   Zero   RW          211    STACK               startup_m031series.o


==============================================================================

Image component sizes


      Code (inc. data)   RO Data    RW Data    ZI Data      Debug   Object Name

       160         14          0          0          0       1714   fmc_user.o
       576         28          0         36        576       2745   isp_user.o
       364         64          0          0          0      54150   main.o
        92         42        192          0        512        704   startup_m031series.o
        56         10          0         12          0      59091   system_m031series.o
       126          8          0          0          0       1478   targetdev.o
       192         46          0          2         64      16449   uart_transfer.o

    ----------------------------------------------------------------------
      1568        212        224         52       1156     136331   Object Totals
         0          0         32          0          0          0   (incl. Generated)
         2          0          0          2          4          0   (incl. Padding)

    ----------------------------------------------------------------------

      Code (inc. data)   RO Data    RW Data    ZI Data      Debug   Library Member Name

         0          0          0          0          0          0   entry.o
         0          0          0          0          0          0   entry10a.o
         0          0          0          0          0          0   entry11a.o
         4          0          0          0          0          0   entry12b.o
         8          4          0          0          0          0   entry2.o
         4          0          0          0          0          0   entry5.o
         0          0          0          0          0          0   entry7b.o
         0          0          0          0          0          0   entry8b.o
         8          4          0          0          0          0   entry9a.o
        30          0          0          0          0          0   handlers.o
        36          8          0          0          0         68   init.o
        36          0          0          0          0        100   memseta.o

    ----------------------------------------------------------------------
       128         16          0          0          0        168   Library Totals
         2          0          0          0          0          0   (incl. Padding)

    ----------------------------------------------------------------------

      Code (inc. data)   RO Data    RW Data    ZI Data      Debug   Library Name

       126         16          0          0          0        168   mc_p.l

    ----------------------------------------------------------------------
       128         16          0          0          0        168   Library Totals

    ----------------------------------------------------------------------

==============================================================================


      Code (inc. data)   RO Data    RW Data    ZI Data      Debug   

      1696        228        224         52       1156     136211   Grand Totals
      1696        228        224         52       1156     136211   ELF Image Totals
      1696        228        224         52          0          0   ROM Totals

==============================================================================

    Total RO  Size (Code + RO Data)                 1920 (   1.88kB)
    Total RW  Size (RW Data + ZI Data)              1208 (   1.18kB)
    Total ROM Size (Code + RO Data + RW Data)       1972 (   1.93kB)

==============================================================================

