Component: ARM Compiler 5.06 update 7 (build 960) Tool: armlink [4d3601]

==============================================================================

Small function inlining results

Inlined total of 0 calls.

==============================================================================

Image Symbol Table

    Local Symbols

    Symbol Name                              Value     Ov Type        Size  Object(Section)

    RESET                                    0x00000000   Section      192  startup_m031series.o(RESET)
    ../clib/microlib/division.c              0x00000000   Number         0  uidiv.o ABSOLUTE
    ../clib/microlib/division.c              0x00000000   Number         0  uldiv.o ABSOLUTE
    ../clib/microlib/init/entry.s            0x00000000   Number         0  entry12a.o ABSOLUTE
    ../clib/microlib/init/entry.s            0x00000000   Number         0  entry.o ABSOLUTE
    ../clib/microlib/init/entry.s            0x00000000   Number         0  entry9a.o ABSOLUTE
    ../clib/microlib/init/entry.s            0x00000000   Number         0  entry8b.o ABSOLUTE
    ../clib/microlib/init/entry.s            0x00000000   Number         0  entry8a.o ABSOLUTE
    ../clib/microlib/init/entry.s            0x00000000   Number         0  entry12b.o ABSOLUTE
    ../clib/microlib/init/entry.s            0x00000000   Number         0  entry9b.o ABSOLUTE
    ../clib/microlib/init/entry.s            0x00000000   Number         0  entry7a.o ABSOLUTE
    ../clib/microlib/init/entry.s            0x00000000   Number         0  entry11b.o ABSOLUTE
    ../clib/microlib/init/entry.s            0x00000000   Number         0  entry5.o ABSOLUTE
    ../clib/microlib/init/entry.s            0x00000000   Number         0  entry11a.o ABSOLUTE
    ../clib/microlib/init/entry.s            0x00000000   Number         0  entry10b.o ABSOLUTE
    ../clib/microlib/init/entry.s            0x00000000   Number         0  entry10a.o ABSOLUTE
    ../clib/microlib/init/entry.s            0x00000000   Number         0  entry2.o ABSOLUTE
    ../clib/microlib/init/entry.s            0x00000000   Number         0  entry7b.o ABSOLUTE
    ../clib/microlib/longlong.c              0x00000000   Number         0  llsshr.o ABSOLUTE
    ../clib/microlib/longlong.c              0x00000000   Number         0  llushr.o ABSOLUTE
    ../clib/microlib/longlong.c              0x00000000   Number         0  llshl.o ABSOLUTE
    ../clib/microlib/printf/printf.c         0x00000000   Number         0  printf3.o ABSOLUTE
    ../clib/microlib/printf/printf.c         0x00000000   Number         0  printf2.o ABSOLUTE
    ../clib/microlib/printf/printf.c         0x00000000   Number         0  printf5.o ABSOLUTE
    ../clib/microlib/printf/printf.c         0x00000000   Number         0  printfb.o ABSOLUTE
    ../clib/microlib/printf/printf.c         0x00000000   Number         0  printf6.o ABSOLUTE
    ../clib/microlib/printf/printf.c         0x00000000   Number         0  printf7.o ABSOLUTE
    ../clib/microlib/printf/printf.c         0x00000000   Number         0  printf0.o ABSOLUTE
    ../clib/microlib/printf/printf.c         0x00000000   Number         0  printf8.o ABSOLUTE
    ../clib/microlib/printf/printf.c         0x00000000   Number         0  printfa.o ABSOLUTE
    ../clib/microlib/printf/printf.c         0x00000000   Number         0  printf4.o ABSOLUTE
    ../clib/microlib/printf/printf.c         0x00000000   Number         0  printf1.o ABSOLUTE
    ../clib/microlib/printf/stubs.s          0x00000000   Number         0  stubs.o ABSOLUTE
    ../clib/microlib/string/memcpy.c         0x00000000   Number         0  memcpyb.o ABSOLUTE
    ../clib/microlib/string/memcpy.c         0x00000000   Number         0  memcpya.o ABSOLUTE
    ../clib/microlib/string/memset.c         0x00000000   Number         0  memseta.o ABSOLUTE
    ../clib/microlib/stubs.s                 0x00000000   Number         0  iusefp.o ABSOLUTE
    ../fplib/microlib/fpadd.c                0x00000000   Number         0  dadd.o ABSOLUTE
    ../fplib/microlib/fpdiv.c                0x00000000   Number         0  ddiv.o ABSOLUTE
    ../fplib/microlib/fpepilogue.c           0x00000000   Number         0  depilogue.o ABSOLUTE
    ../fplib/microlib/fpfix.c                0x00000000   Number         0  dfixul.o ABSOLUTE
    ../fplib/microlib/fpmul.c                0x00000000   Number         0  dmul.o ABSOLUTE
    ..\..\..\Library\Device\Nuvoton\M031\Source\ARM\startup_M031Series.s 0x00000000   Number         0  startup_m031series.o ABSOLUTE
    ..\..\..\Library\Device\Nuvoton\M031\Source\system_M031Series.c 0x00000000   Number         0  system_m031series.o ABSOLUTE
    ..\..\..\Library\StdDriver\src\clk.c     0x00000000   Number         0  clk.o ABSOLUTE
    ..\..\..\Library\StdDriver\src\retarget.c 0x00000000   Number         0  retarget.o ABSOLUTE
    ..\..\..\Library\StdDriver\src\uart.c    0x00000000   Number         0  uart.o ABSOLUTE
    ..\\..\\..\\Library\\Device\\Nuvoton\\M031\\Source\\system_M031Series.c 0x00000000   Number         0  system_m031series.o ABSOLUTE
    ..\\..\\..\\Library\\StdDriver\\src\\clk.c 0x00000000   Number         0  clk.o ABSOLUTE
    ..\\..\\..\\Library\\StdDriver\\src\\retarget.c 0x00000000   Number         0  retarget.o ABSOLUTE
    ..\\..\\..\\Library\\StdDriver\\src\\uart.c 0x00000000   Number         0  uart.o ABSOLUTE
    ..\\fmc_user.c                           0x00000000   Number         0  fmc_user.o ABSOLUTE
    ..\\isp_user.c                           0x00000000   Number         0  isp_user.o ABSOLUTE
    ..\\main.c                               0x00000000   Number         0  main.o ABSOLUTE
    ..\\targetdev.c                          0x00000000   Number         0  targetdev.o ABSOLUTE
    ..\\uart_transfer.c                      0x00000000   Number         0  uart_transfer.o ABSOLUTE
    ..\fmc_user.c                            0x00000000   Number         0  fmc_user.o ABSOLUTE
    ..\isp_user.c                            0x00000000   Number         0  isp_user.o ABSOLUTE
    ..\main.c                                0x00000000   Number         0  main.o ABSOLUTE
    ..\targetdev.c                           0x00000000   Number         0  targetdev.o ABSOLUTE
    ..\uart_transfer.c                       0x00000000   Number         0  uart_transfer.o ABSOLUTE
    cdrcmple.s                               0x00000000   Number         0  cdrcmple.o ABSOLUTE
    handlers.s                               0x00000000   Number         0  handlers.o ABSOLUTE
    init.s                                   0x00000000   Number         0  init.o ABSOLUTE
    .ARM.Collect$$$$00000000                 0x000000c0   Section        0  entry.o(.ARM.Collect$$$$00000000)
    .ARM.Collect$$$$00000001                 0x000000c0   Section        4  entry2.o(.ARM.Collect$$$$00000001)
    .ARM.Collect$$$$00000004                 0x000000c4   Section        4  entry5.o(.ARM.Collect$$$$00000004)
    .ARM.Collect$$$$00000008                 0x000000c8   Section        0  entry7b.o(.ARM.Collect$$$$00000008)
    .ARM.Collect$$$$0000000A                 0x000000c8   Section        0  entry8b.o(.ARM.Collect$$$$0000000A)
    .ARM.Collect$$$$0000000B                 0x000000c8   Section        8  entry9a.o(.ARM.Collect$$$$0000000B)
    .ARM.Collect$$$$0000000E                 0x000000d0   Section        4  entry12b.o(.ARM.Collect$$$$0000000E)
    .ARM.Collect$$$$0000000F                 0x000000d4   Section        0  entry10a.o(.ARM.Collect$$$$0000000F)
    .ARM.Collect$$$$00000011                 0x000000d4   Section        0  entry11a.o(.ARM.Collect$$$$00000011)
    .ARM.Collect$$$$00002712                 0x000000d4   Section        4  entry2.o(.ARM.Collect$$$$00002712)
    __lit__00000000                          0x000000d4   Data           4  entry2.o(.ARM.Collect$$$$00002712)
    .emb_text                                0x000000d8   Section       28  retarget.o(.emb_text)
    .text                                    0x000000f4   Section       92  startup_m031series.o(.text)
    Default_Handler                          0x00000125   Thumb Code     2  startup_m031series.o(.text)
    .text                                    0x00000150   Section        0  memseta.o(.text)
    .text                                    0x00000174   Section        0  uldiv.o(.text)
    .text                                    0x000001d4   Section       36  init.o(.text)
    .text                                    0x000001f8   Section        0  llshl.o(.text)
    .text                                    0x00000218   Section        0  llushr.o(.text)
    i.FMC_Proc                               0x0000023c   Section        0  fmc_user.o(i.FMC_Proc)
    i.GetApromSize                           0x00000290   Section        0  targetdev.o(i.GetApromSize)
    i.GetDataFlashInfo                       0x000002b0   Section        0  targetdev.o(i.GetDataFlashInfo)
    i.Hard_Fault_Handler                     0x00000310   Section        0  retarget.o(i.Hard_Fault_Handler)
    __tagsym$$used                           0x00000311   Number         0  retarget.o(i.Hard_Fault_Handler)
    i.ParseCmd                               0x00000338   Section        0  isp_user.o(i.ParseCmd)
    i.PutString                              0x00000574   Section        0  uart_transfer.o(i.PutString)
    i.SYS_Init                               0x00000594   Section        0  main.o(i.SYS_Init)
    i.SendChar                               0x0000061c   Section        0  retarget.o(i.SendChar)
    SendChar                                 0x0000061d   Thumb Code    26  retarget.o(i.SendChar)
    i.SystemInit                             0x0000063c   Section        0  system_m031series.o(i.SystemInit)
    i.UART02_IRQHandler                      0x00000674   Section        0  uart_transfer.o(i.UART02_IRQHandler)
    i.UART_Init                              0x000006c0   Section        0  uart_transfer.o(i.UART_Init)
    i.UpdateConfig                           0x00000714   Section        0  fmc_user.o(i.UpdateConfig)
    i.__0printf$5                            0x00000760   Section        0  printf5.o(i.__0printf$5)
    i.__scatterload_copy                     0x00000780   Section       14  handlers.o(i.__scatterload_copy)
    i.__scatterload_null                     0x0000078e   Section        2  handlers.o(i.__scatterload_null)
    i.__scatterload_zeroinit                 0x00000790   Section       14  handlers.o(i.__scatterload_zeroinit)
    i._printf_core                           0x000007a0   Section        0  printf5.o(i._printf_core)
    _printf_core                             0x000007a1   Thumb Code   680  printf5.o(i._printf_core)
    i.fputc                                  0x00000a74   Section        0  retarget.o(i.fputc)
    i.main                                   0x00000a80   Section        0  main.o(i.main)
    i.stackDump                              0x00000b64   Section        0  retarget.o(i.stackDump)
    stackDump                                0x00000b65   Thumb Code    70  retarget.o(i.stackDump)
    .data                                    0x20000000   Section       12  system_m031series.o(.data)
    .data                                    0x2000000c   Section        4  retarget.o(.data)
    .data                                    0x20000010   Section       36  isp_user.o(.data)
    StartAddress                             0x20000010   Data           4  isp_user.o(.data)
    TotalLen                                 0x20000014   Data           4  isp_user.o(.data)
    LastDataLen                              0x20000018   Data           4  isp_user.o(.data)
    g_packno                                 0x2000001c   Data           4  isp_user.o(.data)
    gcmd                                     0x20000020   Data           4  isp_user.o(.data)
    .data                                    0x20000034   Section        2  uart_transfer.o(.data)
    .bss                                     0x20000038   Section      576  isp_user.o(.bss)
    aprom_buf                                0x20000078   Data         512  isp_user.o(.bss)
    .bss                                     0x20000278   Section       64  uart_transfer.o(.bss)
    STACK                                    0x200002b8   Section      512  startup_m031series.o(STACK)

    Global Symbols

    Symbol Name                              Value     Ov Type        Size  Object(Section)

    BuildAttributes$$THM_ISAv3M$S$PE$A:L22$X:L11$S22$IEEE1$IW$USESV6$~STKCKD$USESV7$~SHL$OSPACE$ROPI$EBA8$MICROLIB$REQ8$PRES8$EABIv2 0x00000000   Number         0  anon$$obj.o ABSOLUTE
    __ARM_use_no_argv                        0x00000000   Number         0  main.o ABSOLUTE
    __Vectors                                0x00000000   Data           4  startup_m031series.o(RESET)
    _printf_a                                0x00000000   Number         0  stubs.o ABSOLUTE
    _printf_c                                0x00000000   Number         0  stubs.o ABSOLUTE
    _printf_charcount                        0x00000000   Number         0  stubs.o ABSOLUTE
    _printf_d                                0x00000000   Number         0  stubs.o ABSOLUTE
    _printf_e                                0x00000000   Number         0  stubs.o ABSOLUTE
    _printf_f                                0x00000000   Number         0  stubs.o ABSOLUTE
    _printf_flags                            0x00000000   Number         0  stubs.o ABSOLUTE
    _printf_fp_dec                           0x00000000   Number         0  stubs.o ABSOLUTE
    _printf_fp_hex                           0x00000000   Number         0  stubs.o ABSOLUTE
    _printf_g                                0x00000000   Number         0  stubs.o ABSOLUTE
    _printf_i                                0x00000000   Number         0  stubs.o ABSOLUTE
    _printf_int_dec                          0x00000000   Number         0  stubs.o ABSOLUTE
    _printf_l                                0x00000000   Number         0  stubs.o ABSOLUTE
    _printf_lc                               0x00000000   Number         0  stubs.o ABSOLUTE
    _printf_ll                               0x00000000   Number         0  stubs.o ABSOLUTE
    _printf_lld                              0x00000000   Number         0  stubs.o ABSOLUTE
    _printf_lli                              0x00000000   Number         0  stubs.o ABSOLUTE
    _printf_llo                              0x00000000   Number         0  stubs.o ABSOLUTE
    _printf_llu                              0x00000000   Number         0  stubs.o ABSOLUTE
    _printf_llx                              0x00000000   Number         0  stubs.o ABSOLUTE
    _printf_longlong_dec                     0x00000000   Number         0  stubs.o ABSOLUTE
    _printf_longlong_hex                     0x00000000   Number         0  stubs.o ABSOLUTE
    _printf_longlong_oct                     0x00000000   Number         0  stubs.o ABSOLUTE
    _printf_ls                               0x00000000   Number         0  stubs.o ABSOLUTE
    _printf_mbtowc                           0x00000000   Number         0  stubs.o ABSOLUTE
    _printf_n                                0x00000000   Number         0  stubs.o ABSOLUTE
    _printf_o                                0x00000000   Number         0  stubs.o ABSOLUTE
    _printf_p                                0x00000000   Number         0  stubs.o ABSOLUTE
    _printf_percent                          0x00000000   Number         0  stubs.o ABSOLUTE
    _printf_pre_padding                      0x00000000   Number         0  stubs.o ABSOLUTE
    _printf_return_value                     0x00000000   Number         0  stubs.o ABSOLUTE
    _printf_s                                0x00000000   Number         0  stubs.o ABSOLUTE
    _printf_sizespec                         0x00000000   Number         0  stubs.o ABSOLUTE
    _printf_str                              0x00000000   Number         0  stubs.o ABSOLUTE
    _printf_truncate_signed                  0x00000000   Number         0  stubs.o ABSOLUTE
    _printf_truncate_unsigned                0x00000000   Number         0  stubs.o ABSOLUTE
    _printf_u                                0x00000000   Number         0  stubs.o ABSOLUTE
    _printf_wc                               0x00000000   Number         0  stubs.o ABSOLUTE
    _printf_wctomb                           0x00000000   Number         0  stubs.o ABSOLUTE
    _printf_widthprec                        0x00000000   Number         0  stubs.o ABSOLUTE
    _printf_x                                0x00000000   Number         0  stubs.o ABSOLUTE
    __arm_fini_                               - Undefined Weak Reference
    __cpp_initialize__aeabi_                  - Undefined Weak Reference
    __cxa_finalize                            - Undefined Weak Reference
    __decompress                              - Undefined Weak Reference
    _clock_init                               - Undefined Weak Reference
    _microlib_exit                            - Undefined Weak Reference
    __main                                   0x000000c1   Thumb Code     0  entry.o(.ARM.Collect$$$$00000000)
    _main_stk                                0x000000c1   Thumb Code     0  entry2.o(.ARM.Collect$$$$00000001)
    _main_scatterload                        0x000000c5   Thumb Code     0  entry5.o(.ARM.Collect$$$$00000004)
    __main_after_scatterload                 0x000000c9   Thumb Code     0  entry5.o(.ARM.Collect$$$$00000004)
    _main_clock                              0x000000c9   Thumb Code     0  entry7b.o(.ARM.Collect$$$$00000008)
    _main_cpp_init                           0x000000c9   Thumb Code     0  entry8b.o(.ARM.Collect$$$$0000000A)
    _main_init                               0x000000c9   Thumb Code     0  entry9a.o(.ARM.Collect$$$$0000000B)
    __rt_lib_shutdown_fini                   0x000000d1   Thumb Code     0  entry12b.o(.ARM.Collect$$$$0000000E)
    __rt_final_cpp                           0x000000d5   Thumb Code     0  entry10a.o(.ARM.Collect$$$$0000000F)
    __rt_final_exit                          0x000000d5   Thumb Code     0  entry11a.o(.ARM.Collect$$$$00000011)
    HardFault_Handler                        0x000000d9   Thumb Code    24  retarget.o(.emb_text)
    Reset_Handler                            0x000000f5   Thumb Code    38  startup_m031series.o(.text)
    NMI_Handler                              0x0000011b   Thumb Code     2  startup_m031series.o(.text)
    SVC_Handler                              0x0000011f   Thumb Code     2  startup_m031series.o(.text)
    PendSV_Handler                           0x00000121   Thumb Code     2  startup_m031series.o(.text)
    SysTick_Handler                          0x00000123   Thumb Code     2  startup_m031series.o(.text)
    ACMP01_IRQHandler                        0x00000125   Thumb Code     0  startup_m031series.o(.text)
    ADC_IRQHandler                           0x00000125   Thumb Code     0  startup_m031series.o(.text)
    BOD_IRQHandler                           0x00000125   Thumb Code     0  startup_m031series.o(.text)
    BPWM0_IRQHandler                         0x00000125   Thumb Code     0  startup_m031series.o(.text)
    BPWM1_IRQHandler                         0x00000125   Thumb Code     0  startup_m031series.o(.text)
    CKFAIL_IRQHandler                        0x00000125   Thumb Code     0  startup_m031series.o(.text)
    EINT024_IRQHandler                       0x00000125   Thumb Code     0  startup_m031series.o(.text)
    EINT135_IRQHandler                       0x00000125   Thumb Code     0  startup_m031series.o(.text)
    GPABGH_IRQHandler                        0x00000125   Thumb Code     0  startup_m031series.o(.text)
    GPCDEF_IRQHandler                        0x00000125   Thumb Code     0  startup_m031series.o(.text)
    I2C0_IRQHandler                          0x00000125   Thumb Code     0  startup_m031series.o(.text)
    I2C1_IRQHandler                          0x00000125   Thumb Code     0  startup_m031series.o(.text)
    ISP_IRQHandler                           0x00000125   Thumb Code     0  startup_m031series.o(.text)
    PDMA_IRQHandler                          0x00000125   Thumb Code     0  startup_m031series.o(.text)
    PWM0_IRQHandler                          0x00000125   Thumb Code     0  startup_m031series.o(.text)
    PWM1_IRQHandler                          0x00000125   Thumb Code     0  startup_m031series.o(.text)
    PWRWU_IRQHandler                         0x00000125   Thumb Code     0  startup_m031series.o(.text)
    QSPI0_IRQHandler                         0x00000125   Thumb Code     0  startup_m031series.o(.text)
    RTC_IRQHandler                           0x00000125   Thumb Code     0  startup_m031series.o(.text)
    SPI0_IRQHandler                          0x00000125   Thumb Code     0  startup_m031series.o(.text)
    TMR0_IRQHandler                          0x00000125   Thumb Code     0  startup_m031series.o(.text)
    TMR1_IRQHandler                          0x00000125   Thumb Code     0  startup_m031series.o(.text)
    TMR2_IRQHandler                          0x00000125   Thumb Code     0  startup_m031series.o(.text)
    TMR3_IRQHandler                          0x00000125   Thumb Code     0  startup_m031series.o(.text)
    UART13_IRQHandler                        0x00000125   Thumb Code     0  startup_m031series.o(.text)
    UART46_IRQHandler                        0x00000125   Thumb Code     0  startup_m031series.o(.text)
    UART57_IRQHandler                        0x00000125   Thumb Code     0  startup_m031series.o(.text)
    USBD_IRQHandler                          0x00000125   Thumb Code     0  startup_m031series.o(.text)
    USCI01_IRQHandler                        0x00000125   Thumb Code     0  startup_m031series.o(.text)
    WDT_IRQHandler                           0x00000125   Thumb Code     0  startup_m031series.o(.text)
    __aeabi_memset                           0x00000151   Thumb Code    14  memseta.o(.text)
    __aeabi_memset4                          0x00000151   Thumb Code     0  memseta.o(.text)
    __aeabi_memset8                          0x00000151   Thumb Code     0  memseta.o(.text)
    __aeabi_memclr                           0x0000015f   Thumb Code     4  memseta.o(.text)
    __aeabi_memclr4                          0x0000015f   Thumb Code     0  memseta.o(.text)
    __aeabi_memclr8                          0x0000015f   Thumb Code     0  memseta.o(.text)
    _memset$wrapper                          0x00000163   Thumb Code    18  memseta.o(.text)
    __aeabi_uldivmod                         0x00000175   Thumb Code    96  uldiv.o(.text)
    __scatterload                            0x000001d5   Thumb Code    28  init.o(.text)
    __scatterload_rt2                        0x000001d5   Thumb Code     0  init.o(.text)
    __aeabi_llsl                             0x000001f9   Thumb Code    32  llshl.o(.text)
    _ll_shift_l                              0x000001f9   Thumb Code     0  llshl.o(.text)
    __aeabi_llsr                             0x00000219   Thumb Code    34  llushr.o(.text)
    _ll_ushift_r                             0x00000219   Thumb Code     0  llushr.o(.text)
    FMC_Proc                                 0x0000023d   Thumb Code    80  fmc_user.o(i.FMC_Proc)
    GetApromSize                             0x00000291   Thumb Code    30  targetdev.o(i.GetApromSize)
    GetDataFlashInfo                         0x000002b1   Thumb Code    88  targetdev.o(i.GetDataFlashInfo)
    Hard_Fault_Handler                       0x00000311   Thumb Code    16  retarget.o(i.Hard_Fault_Handler)
    ParseCmd                                 0x00000339   Thumb Code   542  isp_user.o(i.ParseCmd)
    PutString                                0x00000575   Thumb Code    24  uart_transfer.o(i.PutString)
    SYS_Init                                 0x00000595   Thumb Code   126  main.o(i.SYS_Init)
    SystemInit                               0x0000063d   Thumb Code    46  system_m031series.o(i.SystemInit)
    UART02_IRQHandler                        0x00000675   Thumb Code    64  uart_transfer.o(i.UART02_IRQHandler)
    UART_Init                                0x000006c1   Thumb Code    58  uart_transfer.o(i.UART_Init)
    UpdateConfig                             0x00000715   Thumb Code    66  fmc_user.o(i.UpdateConfig)
    __0printf$5                              0x00000761   Thumb Code    24  printf5.o(i.__0printf$5)
    __1printf$5                              0x00000761   Thumb Code     0  printf5.o(i.__0printf$5)
    __2printf                                0x00000761   Thumb Code     0  printf5.o(i.__0printf$5)
    __scatterload_copy                       0x00000781   Thumb Code    14  handlers.o(i.__scatterload_copy)
    __scatterload_null                       0x0000078f   Thumb Code     2  handlers.o(i.__scatterload_null)
    __scatterload_zeroinit                   0x00000791   Thumb Code    14  handlers.o(i.__scatterload_zeroinit)
    fputc                                    0x00000a75   Thumb Code    12  retarget.o(i.fputc)
    main                                     0x00000a81   Thumb Code   174  main.o(i.main)
    Region$$Table$$Base                      0x00000c0c   Number         0  anon$$obj.o(Region$$Table)
    Region$$Table$$Limit                     0x00000c2c   Number         0  anon$$obj.o(Region$$Table)
    SystemCoreClock                          0x20000000   Data           4  system_m031series.o(.data)
    CyclesPerUs                              0x20000004   Data           4  system_m031series.o(.data)
    PllClock                                 0x20000008   Data           4  system_m031series.o(.data)
    __stdout                                 0x2000000c   Data           4  retarget.o(.data)
    bUpdateApromCmd                          0x20000024   Data           4  isp_user.o(.data)
    g_apromSize                              0x20000028   Data           4  isp_user.o(.data)
    g_dataFlashAddr                          0x2000002c   Data           4  isp_user.o(.data)
    g_dataFlashSize                          0x20000030   Data           4  isp_user.o(.data)
    bUartDataReady                           0x20000034   Data           1  uart_transfer.o(.data)
    bufhead                                  0x20000035   Data           1  uart_transfer.o(.data)
    response_buff                            0x20000038   Data          64  isp_user.o(.bss)
    uart_rcvbuf                              0x20000278   Data          64  uart_transfer.o(.bss)
    __initial_sp                             0x200004b8   Data           0  startup_m031series.o(STACK)



==============================================================================

Memory Map of the image

  Image Entry point : 0x000000f5

  Load Region LR_1 (Base: 0x00000000, Size: 0x00000c64, Max: 0xffffffff, ABSOLUTE)

    Execution Region ER_RO (Exec base: 0x00000000, Load base: 0x00000000, Size: 0x00000c2c, Max: 0xffffffff, ABSOLUTE)

    Exec Addr    Load Addr    Size         Type   Attr      Idx    E Section Name        Object

    0x00000000   0x00000000   0x000000c0   Data   RO            9    RESET               startup_m031series.o
    0x000000c0   0x000000c0   0x00000000   Code   RO           95  * .ARM.Collect$$$$00000000  mc_p.l(entry.o)
    0x000000c0   0x000000c0   0x00000004   Code   RO          231    .ARM.Collect$$$$00000001  mc_p.l(entry2.o)
    0x000000c4   0x000000c4   0x00000004   Code   RO          234    .ARM.Collect$$$$00000004  mc_p.l(entry5.o)
    0x000000c8   0x000000c8   0x00000000   Code   RO          236    .ARM.Collect$$$$00000008  mc_p.l(entry7b.o)
    0x000000c8   0x000000c8   0x00000000   Code   RO          238    .ARM.Collect$$$$0000000A  mc_p.l(entry8b.o)
    0x000000c8   0x000000c8   0x00000008   Code   RO          239    .ARM.Collect$$$$0000000B  mc_p.l(entry9a.o)
    0x000000d0   0x000000d0   0x00000004   Code   RO          246    .ARM.Collect$$$$0000000E  mc_p.l(entry12b.o)
    0x000000d4   0x000000d4   0x00000000   Code   RO          241    .ARM.Collect$$$$0000000F  mc_p.l(entry10a.o)
    0x000000d4   0x000000d4   0x00000000   Code   RO          243    .ARM.Collect$$$$00000011  mc_p.l(entry11a.o)
    0x000000d4   0x000000d4   0x00000004   Code   RO          232    .ARM.Collect$$$$00002712  mc_p.l(entry2.o)
    0x000000d8   0x000000d8   0x0000001c   Code   RO           13    .emb_text           retarget.o
    0x000000f4   0x000000f4   0x0000005c   Code   RO           10  * .text               startup_m031series.o
    0x00000150   0x00000150   0x00000024   Code   RO           98    .text               mc_p.l(memseta.o)
    0x00000174   0x00000174   0x00000060   Code   RO          247    .text               mc_p.l(uldiv.o)
    0x000001d4   0x000001d4   0x00000024   Code   RO          254    .text               mc_p.l(init.o)
    0x000001f8   0x000001f8   0x00000020   Code   RO          255    .text               mc_p.l(llshl.o)
    0x00000218   0x00000218   0x00000022   Code   RO          256    .text               mc_p.l(llushr.o)
    0x0000023a   0x0000023a   0x00000002   PAD
    0x0000023c   0x0000023c   0x00000054   Code   RO           76    i.FMC_Proc          fmc_user.o
    0x00000290   0x00000290   0x0000001e   Code   RO           86    i.GetApromSize      targetdev.o
    0x000002ae   0x000002ae   0x00000002   PAD
    0x000002b0   0x000002b0   0x00000060   Code   RO           87    i.GetDataFlashInfo  targetdev.o
    0x00000310   0x00000310   0x00000028   Code   RO           14    i.Hard_Fault_Handler  retarget.o
    0x00000338   0x00000338   0x0000023c   Code   RO           80    i.ParseCmd          isp_user.o
    0x00000574   0x00000574   0x00000020   Code   RO           90    i.PutString         uart_transfer.o
    0x00000594   0x00000594   0x00000088   Code   RO           72    i.SYS_Init          main.o
    0x0000061c   0x0000061c   0x00000020   Code   RO           16    i.SendChar          retarget.o
    0x0000063c   0x0000063c   0x00000038   Code   RO            4    i.SystemInit        system_m031series.o
    0x00000674   0x00000674   0x0000004c   Code   RO           91    i.UART02_IRQHandler  uart_transfer.o
    0x000006c0   0x000006c0   0x00000054   Code   RO           92    i.UART_Init         uart_transfer.o
    0x00000714   0x00000714   0x0000004c   Code   RO           77    i.UpdateConfig      fmc_user.o
    0x00000760   0x00000760   0x00000020   Code   RO          167    i.__0printf$5       mc_p.l(printf5.o)
    0x00000780   0x00000780   0x0000000e   Code   RO          263    i.__scatterload_copy  mc_p.l(handlers.o)
    0x0000078e   0x0000078e   0x00000002   Code   RO          264    i.__scatterload_null  mc_p.l(handlers.o)
    0x00000790   0x00000790   0x0000000e   Code   RO          265    i.__scatterload_zeroinit  mc_p.l(handlers.o)
    0x0000079e   0x0000079e   0x00000002   PAD
    0x000007a0   0x000007a0   0x000002d4   Code   RO          174    i._printf_core      mc_p.l(printf5.o)
    0x00000a74   0x00000a74   0x0000000c   Code   RO           20    i.fputc             retarget.o
    0x00000a80   0x00000a80   0x000000e4   Code   RO           73    i.main              main.o
    0x00000b64   0x00000b64   0x000000a8   Code   RO           22    i.stackDump         retarget.o
    0x00000c0c   0x00000c0c   0x00000020   Data   RO          261    Region$$Table       anon$$obj.o


    Execution Region ER_RW (Exec base: 0x20000000, Load base: 0x00000c2c, Size: 0x00000038, Max: 0xffffffff, ABSOLUTE)

    Exec Addr    Load Addr    Size         Type   Attr      Idx    E Section Name        Object

    0x20000000   0x00000c2c   0x0000000c   Data   RW            6    .data               system_m031series.o
    0x2000000c   0x00000c38   0x00000004   Data   RW           23    .data               retarget.o
    0x20000010   0x00000c3c   0x00000024   Data   RW           82    .data               isp_user.o
    0x20000034   0x00000c60   0x00000002   Data   RW           94    .data               uart_transfer.o


    Execution Region ER_ZI (Exec base: 0x20000038, Load base: 0x00000c64, Size: 0x00000480, Max: 0xffffffff, ABSOLUTE)

    Exec Addr    Load Addr    Size         Type   Attr      Idx    E Section Name        Object

    0x20000038        -       0x00000240   Zero   RW           81    .bss                isp_user.o
    0x20000278        -       0x00000040   Zero   RW           93    .bss                uart_transfer.o
    0x200002b8        -       0x00000200   Zero   RW            7    STACK               startup_m031series.o


==============================================================================

Image component sizes


      Code (inc. data)   RO Data    RW Data    ZI Data      Debug   Object Name

       160         14          0          0          0          0   fmc_user.o
       572         30          0         36        576          0   isp_user.o
       364         64          0          0          0          0   main.o
       280        132          0          4          0          0   retarget.o
        92         42        192          0        512          0   startup_m031series.o
        56         10          0         12          0          0   system_m031series.o
       126          8          0          0          0          0   targetdev.o
       192         46          0          2         64          0   uart_transfer.o

    ----------------------------------------------------------------------
      1844        346        224         56       1152          0   Object Totals
         0          0         32          0          0          0   (incl. Generated)
         2          0          0          2          0          0   (incl. Padding)

    ----------------------------------------------------------------------

      Code (inc. data)   RO Data    RW Data    ZI Data      Debug   Library Member Name

         0          0          0          0          0          0   entry.o
         0          0          0          0          0          0   entry10a.o
         0          0          0          0          0          0   entry11a.o
         4          0          0          0          0          0   entry12b.o
         8          4          0          0          0          0   entry2.o
         4          0          0          0          0          0   entry5.o
         0          0          0          0          0          0   entry7b.o
         0          0          0          0          0          0   entry8b.o
         8          4          0          0          0          0   entry9a.o
        30          0          0          0          0          0   handlers.o
        36          8          0          0          0          0   init.o
        32          0          0          0          0          0   llshl.o
        34          0          0          0          0          0   llushr.o
        36          0          0          0          0          0   memseta.o
       756         52          0          0          0          0   printf5.o
        96          0          0          0          0          0   uldiv.o

    ----------------------------------------------------------------------
      1048         68          0          0          0          0   Library Totals
         4          0          0          0          0          0   (incl. Padding)

    ----------------------------------------------------------------------

      Code (inc. data)   RO Data    RW Data    ZI Data      Debug   Library Name

      1044         68          0          0          0          0   mc_p.l

    ----------------------------------------------------------------------
      1048         68          0          0          0          0   Library Totals

    ----------------------------------------------------------------------

==============================================================================


      Code (inc. data)   RO Data    RW Data    ZI Data      Debug   

      2892        414        224         56       1152          0   Grand Totals
      2892        414        224         56       1152          0   ELF Image Totals
      2892        414        224         56          0          0   ROM Totals

==============================================================================

    Total RO  Size (Code + RO Data)                 3116 (   3.04kB)
    Total RW  Size (RW Data + ZI Data)              1208 (   1.18kB)
    Total ROM Size (Code + RO Data + RW Data)       3172 (   3.10kB)

==============================================================================

